........................................................................ [  2%]
........................................................................ [  4%]
........................................................................ [  6%]
........................................................................ [  8%]
........................................................................ [ 10%]
........................................................................ [ 12%]
........................................................................ [ 14%]
........................................................................ [ 16%]
........................................................................ [ 18%]
........................................................................ [ 20%]
........................................................................ [ 23%]
........................................................................ [ 25%]
...........................s..s...s..s..s..s..s..s.......ss............. [ 27%]
........................................................................ [ 29%]
........................................................................ [ 31%]
........................................................................ [ 33%]
........................................................................ [ 35%]
...........................................ssssssssss................... [ 37%]
........................................................................ [ 39%]
........................................................................ [ 41%]
........................................................................ [ 43%]
........................................................................ [ 46%]
........................................................................ [ 48%]
........................................................................ [ 50%]
........................................................................ [ 52%]
........................................................................ [ 54%]
........................................................................ [ 56%]
........................................................................ [ 58%]
.................................................s...................... [ 60%]
........................................................................ [ 62%]
........................................................................ [ 64%]
........................................................................ [ 67%]
........................................................................ [ 69%]
........................................................................ [ 71%]
........................................................................ [ 73%]
........................................................................ [ 75%]
........................................................................ [ 77%]
........................................................................ [ 79%]
..............................................ssss...................... [ 81%]
........................................................................ [ 83%]
........................................................................ [ 85%]
........................................................................ [ 87%]
........................................................................ [ 90%]
........................................................................ [ 92%]
........................................................................ [ 94%]
........................................................................ [ 96%]
......s........................