Name                                                                                   Stmts   Miss Branch BrPart  Cover
------------------------------------------------------------------------------------------------------------------------
pipeline/__init__.py                                                                       0      0      0      0   100%
pipeline/backfill_ferc.py                                                                136     94     18      1    31%
pipeline/connectors/__init__.py                                                            4      0      0      0   100%
pipeline/connectors/__main__.py                                                           87     11     18      3    85%
pipeline/connectors/base.py                                                              176      9     44      5    94%
pipeline/connectors/canonical.py                                                          41      0      0      0   100%
pipeline/connectors/dedupe.py                                                            101      6     42      4    93%
pipeline/connectors/dq.py                                                                107      1     34      3    97%
pipeline/connectors/eu_ted_api/__init__.py                                                 0      0      0      0   100%
pipeline/connectors/eu_ted_api/connector.py                                              102     21     34      2    79%
pipeline/connectors/eu_ted_api/test_connector.py                                          70      0      0      0   100%
pipeline/connectors/gb_find_a_tender/__init__.py                                           0      0      0      0   100%
pipeline/connectors/gb_find_a_tender/connector.py                                        107     20     36      1    81%
pipeline/connectors/gb_find_a_tender/test_connector.py                                    70      0      0      0   100%
pipeline/connectors/gb_neso_tec_register/__init__.py                                       0      0      0      0   100%
pipeline/connectors/gb_neso_tec_register/connector.py                                     72     15     12      3    74%
pipeline/connectors/gb_neso_tec_register/test_connector.py                                92      0      0      0   100%
pipeline/connectors/http.py                                                              121      5     30      2    95%
pipeline/connectors/iso_queue.py                                                          28      1      4      1    94%
pipeline/connectors/mdb_worldbank_procnotices/__init__.py                                  0      0      0      0   100%
pipeline/connectors/mdb_worldbank_procnotices/connector.py                               102     24     30      2    74%
pipeline/connectors/mdb_worldbank_procnotices/test_connector.py                           68      0      2      0   100%
pipeline/connectors/objectstore.py                                                       180      5     38      1    97%
pipeline/connectors/opportunity.py                                                        68      6     24      4    89%
pipeline/connectors/registry.py                                                          139      4     24      3    96%
pipeline/connectors/runner.py                                                            300     17     74      5    94%
pipeline/connectors/store.py                                                             141      3     30      2    97%
pipeline/connectors/us_eia_860/__init__.py                                                 0      0      0      0   100%
pipeline/connectors/us_eia_860/connector.py                                               85      4     22      4    93%
pipeline/connectors/us_eia_860/test_connector.py                                          84      0      8      0   100%
pipeline/connectors/us_eia_860m/__init__.py                                                0      0      0      0   100%
pipeline/connectors/us_eia_860m/connector.py                                              61      2     14      2    95%
pipeline/connectors/us_eia_860m/test_connector.py                                         96      0     12      0   100%
pipeline/connectors/us_eia_860m_retirements/__init__.py                                    0      0      0      0   100%
pipeline/connectors/us_eia_860m_retirements/connector.py                                  72      4     20      3    92%
pipeline/connectors/us_eia_860m_retirements/test_connector.py                            167      3     10      1    98%
pipeline/connectors/us_epa_class_vi/__init__.py                                            0      0      0      0   100%
pipeline/connectors/us_epa_class_vi/connector.py                                         165     12     38     10    89%
pipeline/connectors/us_epa_class_vi/test_connector.py                                    188      1     14      0    99%
pipeline/connectors/us_epa_echo_icis_air/__init__.py                                       0      0      0      0   100%
pipeline/connectors/us_epa_echo_icis_air/connector.py                                    413     48    142     25    85%
pipeline/connectors/us_epa_echo_icis_air/test_connector.py                               354      0     24      0   100%
pipeline/connectors/us_epa_ghgrp/__init__.py                                               0      0      0      0   100%
pipeline/connectors/us_epa_ghgrp/connector.py                                            218     18     64      9    90%
pipeline/connectors/us_epa_ghgrp/test_connector.py                                       183      0      6      0   100%
pipeline/connectors/us_ferc_elibrary/__init__.py                                           0      0      0      0   100%
pipeline/connectors/us_ferc_elibrary/connector.py                                        141     32     42      3    73%
pipeline/connectors/us_ferc_elibrary/test_connector.py                                    99      0      4      0   100%
pipeline/connectors/us_grants_gov_search2/__init__.py                                      0      0      0      0   100%
pipeline/connectors/us_grants_gov_search2/connector.py                                    68     18     16      1    70%
pipeline/connectors/us_grants_gov_search2/test_connector.py                               48      0      2      0   100%
pipeline/connectors/us_iso_caiso_gen_queue/__init__.py                                     0      0      0      0   100%
pipeline/connectors/us_iso_caiso_gen_queue/connector.py                                   25      5      2      0    74%
pipeline/connectors/us_iso_caiso_gen_queue/test_connector.py                              35      0      0      0   100%
pipeline/connectors/us_iso_ercot_gen_queue/__init__.py                                     0      0      0      0   100%
pipeline/connectors/us_iso_ercot_gen_queue/connector.py                                   41     11      4      0    71%
pipeline/connectors/us_iso_ercot_gen_queue/test_connector.py                              73      0      2      0   100%
pipeline/connectors/us_iso_ercot_large_load_queue/__init__.py                              0      0      0      0   100%
pipeline/connectors/us_iso_ercot_large_load_queue/connector.py                            46      5      2      0    90%
pipeline/connectors/us_iso_ercot_large_load_queue/test_connector.py                       37      0      2      0   100%
pipeline/connectors/us_iso_nyiso_gen_queue/__init__.py                                     0      0      0      0   100%
pipeline/connectors/us_iso_nyiso_gen_queue/connector.py                                   31      5      2      0    79%
pipeline/connectors/us_iso_nyiso_gen_queue/test_connector.py                              34      0      0      0   100%
pipeline/connectors/us_permits_dashboard/__init__.py                                       0      0      0      0   100%
pipeline/connectors/us_permits_dashboard/connector.py                                     58      6     12      1    87%
pipeline/connectors/us_permits_dashboard/test_connector.py                                67      0      0      0   100%
pipeline/connectors/us_tx_rrc_class_vi/__init__.py                                         0      0      0      0   100%
pipeline/connectors/us_tx_rrc_class_vi/connector.py                                      201     17     66      6    89%
pipeline/connectors/us_tx_rrc_class_vi/test_connector.py                                 333     17     18      0    94%
pipeline/connectors/us_va_deq_data_center_air_sites/__init__.py                            0      0      0      0   100%
pipeline/connectors/us_va_deq_data_center_air_sites/connector.py                         161     36     42      3    77%
pipeline/connectors/us_va_deq_data_center_air_sites/test_connector.py                     93      0      6      0   100%
pipeline/context/__init__.py                                                               1      0      0      0   100%
pipeline/context/agstar.py                                                               122     34     20      3    71%
pipeline/context/eia860_plants.py                                                        102     34     24      3    67%
pipeline/context/eia923.py                                                               185     52     44      5    68%
pipeline/context/eia_atlas.py                                                            393     52    104     28    81%
pipeline/context/eia_owners.py                                                           114     28     18      3    75%
pipeline/context/eia_plants.py                                                           140     46     38      8    67%
pipeline/context/ethanol_capacity.py                                                     110     32     28      4    71%
pipeline/context/ethanol_match.py                                                         97      2     40      2    97%
pipeline/context/ethanol_plants.py                                                       179     41     44      7    76%
pipeline/context/fcc_bdc.py                                                              284     25     54      9    90%
pipeline/context/fuels.py                                                                180      7     56      4    95%
pipeline/context/geo.py                                                                  219      8     94      8    95%
pipeline/context/ghgrp.py                                                                280     60     90     13    79%
pipeline/context/gleif.py                                                                211     65     50      7    68%
pipeline/context/lbnl_transmission.py                                                    238     51     72     13    77%
pipeline/context/lmop.py                                                                 151     33     20      2    77%
pipeline/context/phmsa.py                                                                324     40     82     22    85%
pipeline/context/poi_match.py                                                            255     41     80     12    84%
pipeline/context/regions.py                                                              102     37     20      1    67%
pipeline/context/retirements.py                                                          166      8     40      2    95%
pipeline/context/rfs.py                                                                  336     60    120     27    80%
pipeline/context/shapefile.py                                                            130     24     48     13    76%
pipeline/context/test_agstar.py                                                           84      0      0      0   100%
pipeline/context/test_eia860_plants.py                                                    37      0      0      0   100%
pipeline/context/test_eia923.py                                                           94      0      0      0   100%
pipeline/context/test_eia_atlas.py                                                       326      1     10      1    99%
pipeline/context/test_eia_owners.py                                                      111      0      4      0   100%
pipeline/context/test_eia_plants.py                                                      109      0      6      0   100%
pipeline/context/test_ethanol_capacity.py                                                 93      0      0      0   100%
pipeline/context/test_ethanol_match.py                                                    77      0      0      0   100%
pipeline/context/test_ethanol_plants.py                                                  118      1      4      1    98%
pipeline/context/test_fcc_bdc.py                                                         211      0      8      0   100%
pipeline/context/test_fuels.py                                                           105      2      2      0    98%
pipeline/context/test_ghgrp.py                                                           101      0      0      0   100%
pipeline/context/test_gleif.py                                                            63      0      2      0   100%
pipeline/context/test_lbnl_transmission.py                                                78      0      0      0   100%
pipeline/context/test_lmop.py                                                             96      0      0      0   100%
pipeline/context/test_phmsa.py                                                           183      0     12      0   100%
pipeline/context/test_poi_match.py                                                        78      0      2      0   100%
pipeline/context/test_regions.py                                                          79      0      4      0   100%
pipeline/context/test_rfs.py                                                              94      0      4      0   100%
pipeline/diff.py                                                                         124     30     24      1    75%
pipeline/link_dockets.py                                                                 175     43     54      7    74%
pipeline/normalize.py                                                                    241     57     62      6    76%
pipeline/resolve.py                                                                      539    145    204     19    74%
services/__init__.py                                                                       0      0      0      0   100%
services/alerts/__init__.py                                                                0      0      0      0   100%
services/alerts/evaluate.py                                                              198     22     74     13    84%
services/alerts/feed.py                                                                   51      1      8      1    97%
services/alerts/mail.py                                                                   99      0     14      0   100%
services/alerts/matching.py                                                              210      5    136      3    97%
services/alerts/suppression.py                                                            24      0      8      0   100%
services/alerts/visibility.py                                                             14      0      0      0   100%
services/alerts/webhook_url.py                                                           126     13     54      3    91%
services/alerts/webhooks.py                                                              197     10     56      6    91%
services/alerts/worker.py                                                                140      1     12      2    98%
services/api/__init__.py                                                                   0      0      0      0   100%
services/api/admin_audit_routes.py                                                        36      0      2      0   100%
services/api/admin_intake.py                                                             287     34     70     15    85%
services/api/admin_people.py                                                             430     20    168     21    93%
services/api/admin_posts.py                                                              490      0    184      1    99%
services/api/admin_records.py                                                            610     22    250     26    94%
services/api/admin_sources.py                                                            540     17    198      8    97%
services/api/alert_plan.py                                                                56      0      8      0   100%
services/api/app.py                                                                      389      9     82      5    97%
services/api/assets.py                                                                   759     44    238     25    92%
services/api/audit.py                                                                     40      3     12      3    88%
services/api/auth.py                                                                     320     11     86     11    95%
services/api/auth_routes.py                                                              202      5     66      9    95%
services/api/bootstrap.py                                                                 63      4     10      4    89%
services/api/build_info.py                                                                52      5     18      1    91%
services/api/bulk.py                                                                     108      0     28      1    99%
services/api/captcha.py                                                                   57      1     14      0    99%
services/api/client_ip.py                                                                 47      0     12      0   100%
services/api/common.py                                                                    42      0     14      0   100%
services/api/conftest.py                                                                 118      0      0      0   100%
services/api/coverage.py                                                                 124      3     38      4    96%
services/api/deps.py                                                                      23      4      0      0    83%
services/api/documents.py                                                                 87      1     30      2    97%
services/api/errors.py                                                                    35      1      6      1    95%
services/api/exports.py                                                                  280      6     70      8    96%
services/api/feeds.py                                                                     67      1     22      3    96%
services/api/geo.py                                                                      146     10     64     15    88%
services/api/idempotency.py                                                               81      0     16      0   100%
services/api/interconnection_points.py                                                   243      2     66      2    99%
services/api/lifecycle.py                                                                 68      3     20      2    94%
services/api/lines.py                                                                    213      8     96      7    94%
services/api/matches.py                                                                  231      2     76      5    98%
services/api/merged_redirect.py                                                           30      0      8      1    97%
services/api/orgtree.py                                                                  108      0     34      0   100%
services/api/pagination.py                                                               136      9     60      4    92%
services/api/params.py                                                                    41      0     14      0   100%
services/api/privacy_routes.py                                                           100      2     30      2    97%
services/api/pro.py                                                                      432     21    166     20    93%
services/api/ratelimit.py                                                                 45      1      2      1    96%
services/api/records.py                                                                  435      4    156      4    98%
services/api/regions.py                                                                   62      1     10      1    97%
services/api/request_context.py                                                          117      2     32      2    97%
services/api/resource_queries.py                                                         183      5     92      9    95%
services/api/serialize.py                                                                221      6     66      3    96%
services/api/slippage.py                                                                  44      0     16      0   100%
services/api/test_assets.py                                                              234      0      2      0   100%
services/api/test_bootstrap.py                                                            39      0      0      0   100%
services/api/test_captcha.py                                                              86      3      8      0    97%
services/api/test_coverage.py                                                            224      0      8      0   100%
services/api/test_orgtree.py                                                             203      0      4      0   100%
services/api/test_params.py                                                               25      0      0      0   100%
services/api/test_placement.py                                                           148      0      0      0   100%
services/api/test_regions.py                                                              72      0      0      0   100%
services/api/test_routes.py                                                              459      0     14      1    99%
services/api/test_slippage.py                                                            153      0      2      0   100%
services/api/test_ui_events.py                                                           153      0      8      0   100%
services/api/ui_events.py                                                                126      5     56      5    95%
services/api/unsubscribe_routes.py                                                        59      2     12      2    94%
services/api/visibility.py                                                               265      0     90      0   100%
services/api/withheld_names.py                                                           109      3     32      2    96%
services/billing/__init__.py                                                               1      0      0      0   100%
services/billing/conftest.py                                                              62      0      0      0   100%
services/billing/entitlement.py                                                           94      0     22      2    98%
services/billing/fake.py                                                                  77      2      4      1    96%
services/billing/router.py                                                               113      0     26      1    99%
services/billing/signing.py                                                               37      3     16      2    91%
services/billing/stripe.py                                                               233     12     80     10    93%
services/billing/test_entitlement.py                                                     197      0      0      0   100%
services/billing/test_fake.py                                                             27      0      0      0   100%
services/billing/test_models.py                                                           94      1      6      1    98%
services/billing/test_router.py                                                          295      1      4      1    99%
services/billing/test_stripe.py                                                          368      3      8      1    99%
services/crm/__init__.py                                                                   1      0      0      0   100%
services/crm/attio.py                                                                    294     10    120     13    94%
services/crm/fake.py                                                                     201      5     66     10    94%
services/crm/router.py                                                                   112      5     36      7    92%
services/crm/signals.py                                                                   31      1     10      1    95%
services/crm/test_attio.py                                                               438      6     34      6    97%
services/crm/test_fake.py                                                                164      2      0      0    99%
services/crm/test_router.py                                                              354      3      0      0    99%
services/crm/test_signals.py                                                             107      0      6      0   100%
services/db/__init__.py                                                                    3      0      0      0   100%
services/db/base.py                                                                        6      0      0      0   100%
services/db/event_horizon.py                                                              16      3      2      1    78%
services/db/migrations/env.py                                                             33      5      6      3    79%
services/db/migrations/versions/0001_initial_schema.py                                    78     52      0      0    33%
services/db/migrations/versions/0002_licence_quote_and_visibility_indexes.py              18      8      0      0    56%
services/db/migrations/versions/0003_pro_tier_and_alerts.py                               57     26      0      0    54%
services/db/migrations/versions/0004_subscription_mirror.py                               22      6      0      0    73%
services/db/migrations/versions/0005_admin_panel_tables.py                                55     30      0      0    45%
services/db/migrations/versions/0006_worker_watermark.py                                  12      2      0      0    83%
services/db/migrations/versions/0007_built_plant.py                                       21      8      0      0    62%
services/db/migrations/versions/0008_ui_event.py                                          16      4      0      0    75%
services/db/migrations/versions/0009_asset.py                                            113      2      4      1    97%
services/db/migrations/versions/0010_asset_owner.py                                       18      0      0      0   100%
services/db/migrations/versions/0011_organization_parent.py                               21      0      0      0   100%
services/db/migrations/versions/0012_suppression.py                                       24      0      0      0   100%
services/db/migrations/versions/0013_asset_geom_line_multi.py                             17      3      4      2    76%
services/db/migrations/versions/0014_drop_stale_asset_geom_index.py                       17      2      4      2    81%
services/db/migrations/versions/0015_organization_parent_as_of.py                         18      0      4      1    95%
services/db/migrations/versions/0016_paywall_by_shape_public_at.py                        59      1     30      2    97%
services/db/migrations/versions/0017_organization_parent_share.py                         18      0      4      1    95%
services/db/migrations/versions/0018_source_vintage.py                                    83      8     44     11    85%
services/db/migrations/versions/0019_drop_source_lag.py                                   35      1     14      3    92%
services/db/migrations/versions/0020_noncommercial_reuse_class.py                         64      3     24      2    94%
services/db/migrations/versions/0021_asset_source.py                                      22      1      4      1    92%
services/db/migrations/versions/0022_organization_publish_state.py                        62      6     26      8    84%
services/db/migrations/versions/0023_match_dismissal.py                                   21      1      4      1    92%
services/db/migrations/versions/0024_export.py                                            25      1      4      1    93%
services/db/migrations/versions/0025_source_run_release_and_trigger_vocab.py              70      4     32      7    89%
services/db/migrations/versions/0026_interconnection_point.py                             54      1     22      5    92%
services/db/migrations/versions/0027_event_seq_sequence.py                                24     11      8      1    44%
services/db/migrations/versions/0028_org_fk_indexes.py                                    24      0     10      0   100%
services/db/migrations/versions/0029_ui_event_page_viewed.py                              49      4     16      4    88%
services/db/migrations/versions/0030_asset_retirement.py                                  65      6     24      7    85%
services/db/migrations/versions/0031_webhook_watermark_and_idempotency.py                 33      0     10      2    95%
services/db/migrations/versions/0032_event_horizon_load_marker_subscription_order.py      56     17     20      3    63%
services/db/models.py                                                                    884      1      4      2    99%
services/db/session.py                                                                    44      0      6      2    96%
services/db/test_migrations.py                                                            98      0      0      0   100%
services/db/test_models.py                                                               219      0      0      0   100%
services/db/test_types_postgis.py                                                         76     55      2      0    27%
services/db/types.py                                                                     204     78     78     19    58%
services/environment.py                                                                    7      0      0      0   100%
services/ids.py                                                                           37      4     12      2    88%
services/ingest/__init__.py                                                                0      0      0      0   100%
services/ingest/assets.py                                                                349     37     96     12    89%
services/ingest/enrich.py                                                                394     51    174     29    85%
services/ingest/fiber_availability.py                                                     77      7     34      7    87%
services/ingest/geocode.py                                                               261     23     90     11    90%
services/ingest/ghgrp.py                                                                 193     41     42      9    77%
services/ingest/interconnection.py                                                       231      5     78      5    97%
services/ingest/lag.py                                                                     7      0      0      0   100%
services/ingest/loader.py                                                                701     30    240     22    94%
services/ingest/midstream.py                                                             245     39     70     11    82%
services/ingest/org_redirects.py                                                          31      1      6      0    97%
services/ingest/organizations.py                                                         373     55    124     22    82%
services/ingest/ownership.py                                                             238     34     78     13    84%
services/ingest/plants.py                                                                 51     19      6      2    60%
services/ingest/retirements.py                                                           225     21     70     13    88%
services/ingest/test_assets.py                                                           250      2     10      2    98%
services/ingest/test_enrich.py                                                           203      0     10      0   100%
services/ingest/test_fiber_availability.py                                                83      0      2      0   100%
services/ingest/test_geocode.py                                                          236      0     14      0   100%
services/ingest/test_ghgrp.py                                                             87      0      2      0   100%
services/ingest/test_interconnection.py                                                   53      0      0      0   100%
services/ingest/test_loader.py                                                           671      0     14      0   100%
services/ingest/test_loader_events.py                                                    148      0      0      0   100%
services/ingest/test_loader_kind.py                                                      102      2     10      0    98%
services/ingest/test_loader_select_basis.py                                               67      0      2      0   100%
services/ingest/test_midstream.py                                                        184      0      4      0   100%
services/ingest/test_org_redirects.py                                                    124      0      0      0   100%
services/ingest/test_organizations.py                                                    158      0      4      0   100%
services/ingest/test_ownership.py                                                        161      0      0      0   100%
services/ingest/test_plants.py                                                            82      0      0      0   100%
services/ingest/test_retirements.py                                                      100      0      0      0   100%
services/ingest/test_transmission_lines.py                                                50      0      0      0   100%
services/ingest/test_vintage.py                                                           78      0      2      0   100%
services/ingest/vintage.py                                                                74      1     30      1    98%
services/match/__init__.py                                                                 0      0      0      0   100%
services/match/engine.py                                                                 178      0     52      0   100%
services/match/eval.py                                                                   204      2     56      3    98%
services/match/rules.py                                                                  131      0     38      0   100%
services/match/run.py                                                                    267      1     72      1    99%
services/match/test_engine.py                                                             86      0      4      0   100%
services/match/test_eval.py                                                              102      0      4      0   100%
services/match/test_rules.py                                                              56      0      0      0   100%
services/match/test_run.py                                                               238      0      6      0   100%
services/posture.py                                                                       24      0      2      0   100%
services/resolve/__init__.py                                                               1      0      0      0   100%
services/resolve/merge.py                                                                455     16    212     23    94%
services/resolve/models.py                                                                27      0      0      0   100%
services/resolve/report.py                                                               255    153     72      6    41%
services/resolve/suppress.py                                                              91      6     26      6    90%
services/resolve/test_suppress.py                                                         79      0      0      0   100%
services/social/__init__.py                                                                1      0      0      0   100%
services/social/__main__.py                                                              187     15     34      5    87%
services/social/db_events.py                                                              75      0     26      0   100%
services/social/editorial.py                                                             503     31    194     29    91%
services/social/models.py                                                                104      1      4      0    99%
services/social/publishers/__init__.py                                                     7      0      0      0   100%
services/social/publishers/base.py                                                        51     10     12      4    78%
services/social/publishers/bluesky.py                                                     22      0      4      0   100%
services/social/publishers/linkedin.py                                                    13      0      2      0   100%
services/social/publishers/x.py                                                           14      0      2      0   100%
services/social/queue.py                                                                 253     19    100     19    89%
services/social/textgate.py                                                               15      0      2      0   100%
services/social/worker.py                                                                131      0     26      0   100%
services/sor/__init__.py                                                                   0      0      0      0   100%
services/sor/ports.py                                                                    173      0      2      0   100%
services/sor/wiring.py                                                                    10      0      0      0   100%
services/test_posture.py                                                                  53      0      4      0   100%
services/visibility_audit/__init__.py                                                      0      0      0      0   100%
services/visibility_audit/run.py                                                         885     61    372     55    90%
------------------------------------------------------------------------------------------------------------------------
TOTAL                                                                                  42312   2968   9326   1065    91%
